src/App.tsx(65,29): error TS2345: Argument of type '{ routeTree: Route<Register, any, "/", "/", string, "__root__", undefined, {}, {}, AnyContext, AnyContext, {}, undefined, readonly [Route<unknown, RootRoute<Register, ... 10 more ..., undefined>, ... 15 more ..., undefined>, ... 12 more ..., Route<...>], unknown, unknown, unknown, undefined>; }' is not assignable to parameter of type '"strictNullChecks must be enabled in tsconfig.json"'.
src/blink/client.ts(4,26): error TS2339: Property 'env' does not exist on type 'ImportMeta'.
src/blink/client.ts(5,31): error TS2339: Property 'env' does not exist on type 'ImportMeta'.
src/components/AppSidebarShell.tsx(64,8): error TS2739: Type '{ children: string; side: "right"; }' is missing the following properties from type 'Pick<TooltipContentProps & RefAttributes<HTMLDivElement>, "children" | "className" | "style" | "slot" | "title" | "onAnimationStart" | ... 263 more ... | "forceMount">': placeholder, onPointerEnterCapture, onPointerLeaveCapture
src/components/AppSidebarShell.tsx(123,14): error TS2739: Type '{ children: string; side: "right"; }' is missing the following properties from type 'Pick<TooltipContentProps & RefAttributes<HTMLDivElement>, "children" | "className" | "style" | "slot" | "title" | "onAnimationStart" | ... 263 more ... | "forceMount">': placeholder, onPointerEnterCapture, onPointerLeaveCapture
src/components/AppSidebarShell.tsx(153,20): error TS2739: Type '{ children: Element; className: string; }' is missing the following properties from type 'Pick<AvatarProps & RefAttributes<HTMLSpanElement>, "children" | "className" | "style" | "slot" | "title" | "onAnimationStart" | ... 249 more ... | "onPointerLeaveCapture">': placeholder, onPointerEnterCapture, onPointerLeaveCapture
src/components/AppSidebarShell.tsx(154,22): error TS2739: Type '{ children: string; className: string; }' is missing the following properties from type 'Pick<AvatarFallbackProps & RefAttributes<HTMLSpanElement>, "children" | "className" | "style" | "slot" | "title" | ... 251 more ... | "delayMs">': placeholder, onPointerEnterCapture, onPointerLeaveCapture
src/components/AppSidebarShell.tsx(158,16): error TS2739: Type '{ children: string; side: "right"; }' is missing the following properties from type 'Pick<TooltipContentProps & RefAttributes<HTMLDivElement>, "children" | "className" | "style" | "slot" | "title" | "onAnimationStart" | ... 263 more ... | "forceMount">': placeholder, onPointerEnterCapture, onPointerLeaveCapture
src/components/AppSidebarShell.tsx(162,16): error TS2739: Type '{ children: Element; className: string; }' is missing the following properties from type 'Pick<AvatarProps & RefAttributes<HTMLSpanElement>, "children" | "className" | "style" | "slot" | "title" | "onAnimationStart" | ... 249 more ... | "onPointerLeaveCapture">': placeholder, onPointerEnterCapture, onPointerLeaveCapture
src/components/AppSidebarShell.tsx(163,18): error TS2739: Type '{ children: string; className: string; }' is missing the following properties from type 'Pick<AvatarFallbackProps & RefAttributes<HTMLSpanElement>, "children" | "className" | "style" | "slot" | "title" | ... 251 more ... | "delayMs">': placeholder, onPointerEnterCapture, onPointerLeaveCapture
src/components/AppSidebarShell.tsx(187,16): error TS2739: Type '{ children: string; side: "right"; }' is missing the following properties from type 'Pick<TooltipContentProps & RefAttributes<HTMLDivElement>, "children" | "className" | "style" | "slot" | "title" | "onAnimationStart" | ... 263 more ... | "forceMount">': placeholder, onPointerEnterCapture, onPointerLeaveCapture
src/components/home/AffiliateSection.tsx(88,20): error TS2739: Type '{ children: Element; className: string; }' is missing the following properties from type 'Pick<SelectTriggerProps & RefAttributes<HTMLButtonElement>, "children" | "className" | "style" | "form" | "slot" | ... 261 more ... | "onPointerLeaveCapture">': placeholder, onPointerEnterCapture, onPointerLeaveCapture
src/components/home/AffiliateSection.tsx(91,20): error TS2739: Type '{ children: Element[]; }' is missing the following properties from type 'Pick<SelectContentProps & RefAttributes<HTMLDivElement>, "children" | "className" | "style" | "slot" | "title" | "onAnimationStart" | ... 264 more ... | "onPointerDownOutside">': placeholder, onPointerEnterCapture, onPointerLeaveCapture
src/components/home/AffiliateSection.tsx(92,22): error TS2739: Type '{ children: string; value: string; }' is missing the following properties from type 'Pick<SelectItemProps & RefAttributes<HTMLDivElement>, "children" | "className" | "style" | "slot" | "title" | "onAnimationStart" | ... 252 more ... | "textValue">': placeholder, onPointerEnterCapture, onPointerLeaveCapture
src/components/home/AffiliateSection.tsx(93,22): error TS2739: Type '{ children: string; value: string; }' is missing the following properties from type 'Pick<SelectItemProps & RefAttributes<HTMLDivElement>, "children" | "className" | "style" | "slot" | "title" | "onAnimationStart" | ... 252 more ... | "textValue">': placeholder, onPointerEnterCapture, onPointerLeaveCapture
src/components/home/AffiliateSection.tsx(94,22): error TS2739: Type '{ children: string; value: string; }' is missing the following properties from type 'Pick<SelectItemProps & RefAttributes<HTMLDivElement>, "children" | "className" | "style" | "slot" | "title" | "onAnimationStart" | ... 252 more ... | "textValue">': placeholder, onPointerEnterCapture, onPointerLeaveCapture
src/components/home/AffiliateSection.tsx(95,22): error TS2739: Type '{ children: string; value: string; }' is missing the following properties from type 'Pick<SelectItemProps & RefAttributes<HTMLDivElement>, "children" | "className" | "style" | "slot" | "title" | "onAnimationStart" | ... 252 more ... | "textValue">': placeholder, onPointerEnterCapture, onPointerLeaveCapture
src/components/home/AffiliateSection.tsx(96,22): error TS2739: Type '{ children: string; value: string; }' is missing the following properties from type 'Pick<SelectItemProps & RefAttributes<HTMLDivElement>, "children" | "className" | "style" | "slot" | "title" | "onAnimationStart" | ... 252 more ... | "textValue">': placeholder, onPointerEnterCapture, onPointerLeaveCapture
src/components/home/AffiliateSection.tsx(97,22): error TS2739: Type '{ children: string; value: string; }' is missing the following properties from type 'Pick<SelectItemProps & RefAttributes<HTMLDivElement>, "children" | "className" | "style" | "slot" | "title" | "onAnimationStart" | ... 252 more ... | "textValue">': placeholder, onPointerEnterCapture, onPointerLeaveCapture
src/main.ts(1,8): error TS2882: Cannot find module or type declarations for side-effect import of './style.css'.
src/main.ts(2,28): error TS2307: Cannot find module './assets/typescript.svg' or its corresponding type declarations.
src/main.ts(3,22): error TS2307: Cannot find module './assets/vite.svg' or its corresponding type declarations.
src/main.ts(4,21): error TS2307: Cannot find module './assets/hero.png' or its corresponding type declarations.
src/pages/BlogPage.tsx(49,33): error TS2353: Object literal may only specify known properties, and 'id' does not exist in type 'ParamsReducerFn<RouterCore<AnyRoute, "never", false, RouterHistory, Record<string, any>>, "PATH", string, "/blog/$id">'.
src/pages/BlogPage.tsx(61,33): error TS2353: Object literal may only specify known properties, and 'id' does not exist in type 'ParamsReducerFn<RouterCore<AnyRoute, "never", false, RouterHistory, Record<string, any>>, "PATH", string, "/blog/$id">'.
src/pages/LoginPage.tsx(8,10): error TS2305: Module '"@blinkdotnew/sdk"' has no exported member 'BlinkAuthError'.
src/pages/PasswordGeneratorPage.tsx(78,18): error TS2739: Type '{ defaultValue: number[]; max: number; min: number; step: number; onValueChange: (val: number[]) => void; className: string; }' is missing the following properties from type 'Pick<SliderProps & RefAttributes<HTMLSpanElement>, "children" | "className" | "style" | "slot" | "title" | "onAnimationStart" | ... 260 more ... | "onValueCommit">': placeholder, onPointerEnterCapture, onPointerLeaveCapture
src/pages/PasswordGeneratorPage.tsx(90,20): error TS2739: Type '{ checked: boolean; onCheckedChange: () => void; id: string; }' is missing the following properties from type 'Pick<CheckboxProps & RefAttributes<HTMLButtonElement>, "children" | "className" | "style" | "form" | "slot" | "title" | ... 263 more ... | "onCheckedChange">': placeholder, onPointerEnterCapture, onPointerLeaveCapture
src/pages/PasswordGeneratorPage.tsx(94,20): error TS2739: Type '{ checked: boolean; onCheckedChange: () => void; id: string; }' is missing the following properties from type 'Pick<CheckboxProps & RefAttributes<HTMLButtonElement>, "children" | "className" | "style" | "form" | "slot" | "title" | ... 263 more ... | "onCheckedChange">': placeholder, onPointerEnterCapture, onPointerLeaveCapture
src/pages/PasswordGeneratorPage.tsx(98,20): error TS2739: Type '{ checked: boolean; onCheckedChange: () => void; id: string; }' is missing the following properties from type 'Pick<CheckboxProps & RefAttributes<HTMLButtonElement>, "children" | "className" | "style" | "form" | "slot" | "title" | ... 263 more ... | "onCheckedChange">': placeholder, onPointerEnterCapture, onPointerLeaveCapture
src/pages/RegisterPage.tsx(8,10): error TS2305: Module '"@blinkdotnew/sdk"' has no exported member 'BlinkAuthError'.
src/pages/RegisterPage.tsx(25,9): error TS2353: Object literal may only specify known properties, and 'displayName' does not exist in type 'SignUpData'.
src/pages/ScheduleBookingPage.tsx(94,24): error TS2739: Type '{ children: Element; className: string; }' is missing the following properties from type 'Pick<SelectTriggerProps & RefAttributes<HTMLButtonElement>, "children" | "className" | "style" | "form" | "slot" | ... 261 more ... | "onPointerLeaveCapture">': placeholder, onPointerEnterCapture, onPointerLeaveCapture
src/pages/ScheduleBookingPage.tsx(97,24): error TS2739: Type '{ children: Element[]; className: string; }' is missing the following properties from type 'Pick<SelectContentProps & RefAttributes<HTMLDivElement>, "children" | "className" | "style" | "slot" | "title" | "onAnimationStart" | ... 264 more ... | "onPointerDownOutside">': placeholder, onPointerEnterCapture, onPointerLeaveCapture
src/pages/ScheduleBookingPage.tsx(99,28): error TS2739: Type '{ children: string; key: string; value: string; }' is missing the following properties from type 'Pick<SelectItemProps & RefAttributes<HTMLDivElement>, "children" | "className" | "style" | "slot" | "title" | "onAnimationStart" | ... 252 more ... | "textValue">': placeholder, onPointerEnterCapture, onPointerLeaveCapture
